[www.marrisawilsonny.com/index.html]
[backblue.gif]
[fade.gif]
[index.html]
[images.squarespace-cdn.com/content/569bffe6e0327c41cd9cd467/b480af9a-afaa-4417-95e3-dcb38b9a0ae6/New+Branding+SocialArtboard+5-1+copy5d45.png]
[assets.squarespace.com/@sqs/polyfiller/1.6/legacy.js]
[use.typekit.net/ik/oQorSiGHhQtPLNr-46x3yOdJj4D9ejhx6rCRuQ9mBZjfen6BfFHN4UJLFRbh52jhWD9h5A4cZc9hZQMDwRiRF2BRZ28RZ2bhFU7iMkG0jAFu-WsoShFGZAsude80ZkoRdhXCHKoyjamTiY8Djhy8ZYmC-Ao1Oco8if37Oc]
[assets.squarespace.com/universal/scripts-compressed/extract-css-runtime-df4714b1692f1cf006e5-min.en-US.js]
[assets.squarespace.com/@sqs/polyfiller/1.6/modern.js]
[assets.squarespace.com/universal/scripts-compressed/cldr-resource-pack-a682f7ad337741eb05d6-min.en-US.js]
[assets.squarespace.com/universal/scripts-compressed/common-vendors-stable-f9df4447a2af25df5875-min.en-US.js]
[assets.squarespace.com/universal/scripts-compressed/extract-css-moment-js-vendor-f36b6dc9867ad0b8d0a8-min.en-US.js]
[assets.squarespace.com/universal/styles-compressed/commerce-af8809f2481c48376f6a-min.en-US.css]
[assets.squarespace.com/universal/scripts-compressed/common-vendors-00bc9f1e1261b5de4304-min.en-US.js]
[assets.squarespace.com/universal/styles-compressed/user-account-core-e7c79916101ca5555200-min.en-US.css]
[assets.squarespace.com/universal/scripts-compressed/user-account-core-dc39cd039b4565da032f-min.en-US.js]
[assets.squarespace.com/universal/scripts-compressed/performance-0a46db6ae6b189aa0db3-min.en-US.js]
[www.marrisawilsonny.com/welcome-2a409]
[static1.squarespace.com/static/sitecss/569bffe6e0327c41cd9cd467/323/55f0aac0e4b0f0a5b7e0b22e/5cf2b579d00a9a0001c70f4f/352/site.css]
[connect.facebook.net/en_US/fbevents.js]
[code.jquery.com/jquery-3.6.0.min.js]
[assets.squarespace.com/universal/scripts-compressed/commerce-ca72d9991578aff05f68-min.en-US.js]
[chimpstatic.com/mcjs-connected/js/users/4e084f8c32170dab69277a38d/ccf1e3b896185404ed81c36e1.js]
[assets.squarespace.com/universal/scripts-compressed/common-d5252aa55e9f5e239fe8-min.en-US.js]
[images.squarespace-cdn.com/content/v1/569bffe6e0327c41cd9cd467/cca86f24-5cb2-4909-b11f-3cce620e4fb7/mwny+new+logo+black26f7.png]
[www.marrisawilsonny.com/cart.html]
[www.marrisawilsonny.com/search]
[www.marrisawilsonny.com/about.html]
[www.marrisawilsonny.com/community.html]
[www.marrisawilsonny.com/press-media.html]
[www.marrisawilsonny.com/shop.html]
[www.marrisawilsonny.com/shop6102.html]
[www.marrisawilsonny.com/shopa119.html]
[www.marrisawilsonny.com/shop88cf.html]
[www.marrisawilsonny.com/shop8f42.html]
[www.marrisawilsonny.com/shop4cc2.html]
[www.marrisawilsonny.com/shopf440.html]
[www.marrisawilsonny.com/shopd902.html]
[www.marrisawilsonny.com/shop9ec0.html]
[www.marrisawilsonny.com/shop42b9.html]
[www.marrisawilsonny.com/shop63df.html]
[www.marrisawilsonny.com/springsummer-2024-collection.html]
[www.marrisawilsonny.com/springsummer-2023-editorial-campaign.html]
[www.marrisawilsonny.com/fall-winter-2023-runway-collection.html]
[www.marrisawilsonny.com/spring-summer-2023-runway-collection.html]
[www.marrisawilsonny.com/spring-summer-2022-editorial.html]
[www.marrisawilsonny.com/levis-x-marrisa-wilson-ny-collaboration.html]
[www.marrisawilsonny.com/fall-winter-2021-editorial.html]
[images.squarespace-cdn.com/content/v1/569bffe6e0327c41cd9cd467/1705593901127-UXFFQUUVB8KOGOYK4IX0/image-asset.jpg]
[www.marrisawilsonny.com/_https_/www.instagram.com/reel/C2K5hjbu7vo/embed/___/iframe__.33.delayed]
[images.squarespace-cdn.com/content/v1/569bffe6e0327c41cd9cd467/1705364443236-WZH9NKPZAD292499DRIN/image-asset.jpg]
[www.marrisawilsonny.com/_https_/www.instagram.com/reel/C2AgWIuuLLC/embed/___/iframe__.35.delayed]
[www.marrisawilsonny.com/_https_/www.instagram.com/reel/C15F8llu7-r/embed/___/iframe__.36.delayed]
[images.squarespace-cdn.com/content/v1/569bffe6e0327c41cd9cd467/1704751365604-ZN51KVT33H7B36I87UFD/image-asset.jpg]
[images.squarespace-cdn.com/content/v1/569bffe6e0327c41cd9cd467/1704472383149-5IEFQUOHIO0AU2OZA93D/image-asset.jpg]
[www.marrisawilsonny.com/_https_/www.instagram.com/reel/C1sb2eYulnY/embed/___/iframe__.39.delayed]
[www.marrisawilsonny.com/privacy-policy.html]
[www.marrisawilsonny.com/size-chart.html]
[www.marrisawilsonny.com/shop-policy.html]
[www.marrisawilsonny.com/faq.html]
[www.marrisawilsonny.com/contact.html]
[www.marrisawilsonny.com/terms-of-use.html]
[static1.squarespace.com/static/ta/55f0a9b0e4b0f3eb70352f6d/352/scripts/site-bundle.js]
[code.jquery.com/jquery-3.5.1.min.js]
[static1.squarespace.com/static/569bffe6e0327c41cd9cd467/t/628d55cf5f97d41b08bad185/1653429711753/plugin-swatches.css_; filename_=UTF-8''plugin-swatches.css]
[static1.squarespace.com/static/569bffe6e0327c41cd9cd467/t/628d55d4024cfb794934e073/1653429716482/plugin-swatches.js_; filename_=UTF-8''plugin-swatches.js]
[static1.squarespace.com/static/569bffe6e0327c41cd9cd467/t/642ae67e86217959bf6958bd/1680533119034/plugin-lightbox.css_; filename_=UTF-8''plugin-lightbox.css]
[www.marrisawilsonny.com/index.html]
[assets.squarespace.com/universal/images-v6/standard/icon_close_7_light.png]
[assets.squarespace.com/universal/styles-compressed/commerce-af8809f2481c48376f6a-min.en-US.css]
[assets.squarespace.com/universal/styles-compressed/user-account-core-e7c79916101ca5555200-min.en-US.css]
[static1.squarespace.com/static/569bffe6e0327c41cd9cd467/t/642ae683d5125d7cc7130666/1680533123766/plugin-lightbox.js_; filename_=UTF-8''plugin-lightbox.js]
[assets.squarespace.com/universal/images-v6/damask/error-dark.png]
[assets.squarespace.com/universal/images-v6/damask/error-dark@2x.png]
[assets.squarespace.com/universal/images-v6/damask/play-button.png]
[assets.squarespace.com/universal/images-v6/damask/play-button@2x.png]
[assets.squarespace.com/universal/images-v6/damask/edit-aviary-light.png]
[assets.squarespace.com/universal/images-v6/damask/edit-aviary-light@2x.png]
[assets.squarespace.com/universal/images-v6/damask/edit-info-light.png]
[assets.squarespace.com/universal/images-v6/damask/edit-info-light@2x.png]
[assets.squarespace.com/universal/images-v6/damask/trash-9-light.png]
[assets.squarespace.com/universal/images-v6/damask/trash-9-light@2x.png]
[assets.squarespace.com/universal/images-v6/damask/trash-9-red.png]
[assets.squarespace.com/universal/images-v6/damask/trash-9-red@2x.png]
[assets.squarespace.com/universal/images-v6/damask/getty-16-light.png]
[assets.squarespace.com/universal/images-v6/damask/getty-32-light.png]
[assets.squarespace.com/universal/images-v6/damask/shopping-cart-16-light.png]
[assets.squarespace.com/universal/images-v6/damask/shopping-cart-32-light.png]
[assets.squarespace.com/universal/images-v6/icons/block-indicator-dark.png]
[assets.squarespace.com/universal/images-v6/icons/block-indicator-dark@2x.png]
[assets.squarespace.com/universal/images-v6/icons/opentable-icons.png]
[assets.squarespace.com/universal/images-v6/icons/icon-searchqueries-20-dark.png]
[assets.squarespace.com/universal/images-v6/icons/icon-searchqueries-20-light.png]
[assets.squarespace.com/universal/images-v6/icons/icon-video-24-light-solid.png]
[assets.squarespace.com/universal/images-v6/damask/image-inside-64-dark.png]
[assets.squarespace.com/universal/images-v6/damask/image-inside-128-dark.png]
[assets.squarespace.com/universal/images-v6/icons/icon-settings-16-light.png]
[static1.squarespace.com/static/sitecss/569bffe6e0327c41cd9cd467/323/55f0aac0e4b0f0a5b7e0b22e/5cf2b579d00a9a0001c70f4f/352/site.css]
[www.googletagmanager.com/gtm5445.html]
[www.marrisawilsonny.com/a.6b.delayed]
[www.marrisawilsonny.com/POST.6c.delayed]
[www.marrisawilsonny.com/schema.org/index.html]
[www.marrisawilsonny.com/b.6d.delayed]
[www.marrisawilsonny.com/signals/iwl.6e.delayed]
[connect.facebook.net/en_US/fbevents.js]
[www.marrisawilsonny.com/assets/ui-icons.svg]
[www.marrisawilsonny.com/cart.html]
[assets.squarespace.com/universal/scripts-compressed/extract-css-runtime-61c400d19fa475d15022-min.en-US.js]
[images.squarespace-cdn.com/content/v1/569bffe6e0327c41cd9cd467/0a4fd469-90eb-4aed-aa62-b47686c10548/MARRISA0A9A0420.jpg]
[www.marrisawilsonny.com/about.html]
[images.squarespace-cdn.com/content/v1/569bffe6e0327c41cd9cd467/edf73196-3130-4a69-9a80-4632e6af1e7a/MARRISA+WILSON+New+York+is+a+contemporary+womenswear+brand+from+the+mind+of+Founder+a]
[images.squarespace-cdn.com/content/v1/569bffe6e0327c41cd9cd467/08aead09-0663-4664-b968-4fe9553553cd/Rocsi+Diaz+1.jpg]
[images.squarespace-cdn.com/content/v1/569bffe6e0327c41cd9cd467/ea1f2a84-644a-4f21-ad61-f63f5cf20366/Brandee+Apollo+3.jpg]
[images.squarespace-cdn.com/content/v1/569bffe6e0327c41cd9cd467/691a541c-52c4-4747-8f00-5c4bedbe8280/Danielle+Panabaker+1.jpg]
[images.squarespace-cdn.com/content/v1/569bffe6e0327c41cd9cd467/c2963cea-fec6-4e7b-96c2-d3c34a7ef0e2/Screenshot+2023-11-29+at+12.47.33+PM.jpg]
[images.squarespace-cdn.com/content/v1/569bffe6e0327c41cd9cd467/e281bd4f-9a42-4b31-a4c5-bef544bedfaa/Gabrielle+Amani+.jpg]
[images.squarespace-cdn.com/content/v1/569bffe6e0327c41cd9cd467/e8f8dc72-6b38-4ebd-9ca1-6438a9d8b693/Hannah+Bronfman+4.jpg]
[images.squarespace-cdn.com/content/v1/569bffe6e0327c41cd9cd467/252412a3-5da1-4079-ac24-4252ccd3cad7/Jessica+Cruel+Angela+Biketard.jpg]
[images.squarespace-cdn.com/content/v1/569bffe6e0327c41cd9cd467/069f46f0-1714-4478-aa92-b17b7fa01dc8/Kinya+Claiborne.jpg]
[images.squarespace-cdn.com/content/v1/569bffe6e0327c41cd9cd467/4002fc6e-0abc-4812-b46a-2eedf7554e77/IMG_7912.jpg]
[images.squarespace-cdn.com/content/v1/569bffe6e0327c41cd9cd467/d101a7f3-6e5c-49e3-a474-93749152476c/Monica+McNutt+in+Gia.jpg]
[images.squarespace-cdn.com/content/v1/569bffe6e0327c41cd9cd467/2793fc81-57a9-411c-be59-163fe7b2b36e/Sonya+Esman.png]
[assets.squarespace.com/universal/scripts-compressed/commerce-checkout-ff868d537d08cbbfea03-min.en-US.js]
[images.squarespace-cdn.com/content/v1/569bffe6e0327c41cd9cd467/4ee6a765-7c59-4bcb-b2e5-814f801b14c0/Jasmin+Savoy+3.jpg]
[images.squarespace-cdn.com/content/v1/569bffe6e0327c41cd9cd467/56e424d8-a3ec-4140-9113-8ee564170440/Aissata+Diallo+2.jpg]
[images.squarespace-cdn.com/content/v1/569bffe6e0327c41cd9cd467/7c324a19-deb4-4fcc-b00e-34095a73bc18/Sherri+Shepard+2.jpg]
[images.squarespace-cdn.com/content/v1/569bffe6e0327c41cd9cd467/962a0347-72fd-427c-b0fe-f6f4519c5bb8/Rachel+Lindsay+2.jpg]
[images.squarespace-cdn.com/content/v1/569bffe6e0327c41cd9cd467/f436b6c5-180a-4a98-80b8-6306768abbbf/Alex+Dure.jpg]
[images.squarespace-cdn.com/content/v1/569bffe6e0327c41cd9cd467/e0d4ef53-8fd5-4a52-9fa5-e092477942fc/11.5+(1).jpg]
[images.squarespace-cdn.com/content/v1/569bffe6e0327c41cd9cd467/dcb17652-f088-4ae8-92e9-030f5ea3cc22/untitled-7098.jpg]
[images.squarespace-cdn.com/content/v1/569bffe6e0327c41cd9cd467/c72bb146-8e44-4e2e-ac02-354cdaf8c2a3/E46EBCC6-9B03-4890-8864-9B6DA6E6E2B9.jpg]
[images.squarespace-cdn.com/content/v1/569bffe6e0327c41cd9cd467/d6808d0e-fd15-443f-ad5d-494d54913f2a/whitney+madueke+1.jpg]
[images.squarespace-cdn.com/content/v1/569bffe6e0327c41cd9cd467/c5dc715e-c62c-4856-b0d8-d037bcd9bd1b/natashadiggs1.jpg]
[images.squarespace-cdn.com/content/v1/569bffe6e0327c41cd9cd467/7736f0c4-91c9-4bae-8d0c-ae17fefff958/Victory+Boyd+4.jpg]
[images.squarespace-cdn.com/content/v1/569bffe6e0327c41cd9cd467/6324c84c-8f90-4546-ba26-1d99b3440690/Jessie+Murph+2.jpg]
[images.squarespace-cdn.com/content/v1/569bffe6e0327c41cd9cd467/1328a8aa-8cb5-4319-a737-a2566d5f04cd/Francesca+Amiker+4.jpg]
[images.squarespace-cdn.com/content/v1/569bffe6e0327c41cd9cd467/1886eaec-8ff9-46ce-b736-b509ec10874e/sophia+Gov+Ball.jpg]
[images.squarespace-cdn.com/content/v1/569bffe6e0327c41cd9cd467/81431d2d-f89c-458d-9be0-80a06b3b6d0d/363505783_752991243497206_2999367528944306977_n.jpg]
[images.squarespace-cdn.com/content/v1/569bffe6e0327c41cd9cd467/db8b24e2-63df-4c82-91eb-f8454522e9b9/Jasmin+Savoy+Family+Feud.jpg]
[images.squarespace-cdn.com/content/v1/569bffe6e0327c41cd9cd467/472a2ac2-0fc0-4a6e-a72b-238cfebae404/daniella+monet+2.jpg]
[images.squarespace-cdn.com/content/v1/569bffe6e0327c41cd9cd467/53747e7c-f1af-423b-bb45-5c11f65b42eb/stephanie+beatriz+1.jpg]
[images.squarespace-cdn.com/content/v1/569bffe6e0327c41cd9cd467/aad41530-9327-4ba5-b991-0aee7ed9fe69/Screen+Shot+2023-02-18+at+5.17.06+PM.png]
[images.squarespace-cdn.com/content/v1/569bffe6e0327c41cd9cd467/54f2f588-c5ff-4a6d-b1a5-b1abe31f65d4/jasmin+savoy+.jpg]
[images.squarespace-cdn.com/content/v1/569bffe6e0327c41cd9cd467/a17a0b54-944a-4284-9b4a-07b67dc92b8f/Xavier+Clark.png]
[images.squarespace-cdn.com/content/v1/569bffe6e0327c41cd9cd467/a60e2849-3db7-4151-934e-ecd67851ecb1/emily+men.jpg]
[images.squarespace-cdn.com/content/v1/569bffe6e0327c41cd9cd467/d2bbf984-f307-42db-b4ee-4230269d25c6/Renee+Goldsberry.jpg]
[images.squarespace-cdn.com/content/v1/569bffe6e0327c41cd9cd467/1529db6f-6532-4203-a6c1-7526c39df6c6/Shabazz.jpg]
[images.squarespace-cdn.com/content/v1/569bffe6e0327c41cd9cd467/fae4a11e-5b5e-4f19-ac86-30b98f7df1a9/Image-43.jpg]
[images.squarespace-cdn.com/content/v1/569bffe6e0327c41cd9cd467/92a45e5e-a411-427f-80f3-ce29cd9edd13/Aissata+Diallo.jpg]
[images.squarespace-cdn.com/content/v1/569bffe6e0327c41cd9cd467/71adc152-84cb-44d8-b1b5-31d5ef2c0cbc/IMG_2572.jpg]
[images.squarespace-cdn.com/content/v1/569bffe6e0327c41cd9cd467/01742418-dc4c-4e1e-961e-796b3cd643de/Flo+Ngala+4.jpg]
[images.squarespace-cdn.com/content/v1/569bffe6e0327c41cd9cd467/bf189b95-27ad-4d54-8c06-fd57f2cd6815/Screenshot+2023-12-22+at+2.36.10+PM.jpg]
[images.squarespace-cdn.com/content/v1/569bffe6e0327c41cd9cd467/502341a0-e295-4486-be7e-720bade2c203/Bri+.jpg]
[images.squarespace-cdn.com/content/v1/569bffe6e0327c41cd9cd467/5631e3e7-8660-455b-9040-925a26fc0409/Jessica+Cruel+Ali+1.jpg]
[images.squarespace-cdn.com/content/v1/569bffe6e0327c41cd9cd467/d6485060-906a-48b8-8152-4d20d6be390a/Taye+Hansberry+2.jpg]
[images.squarespace-cdn.com/content/v1/569bffe6e0327c41cd9cd467/f437a52a-5315-4b5c-991e-2f972d241049/Alina+in+Layla.jpg]
[images.squarespace-cdn.com/content/v1/569bffe6e0327c41cd9cd467/e45e362b-7cf4-4653-a9fc-54152524398a/Chelsea+Baratz+Tasha+Linen.jpg]
[images.squarespace-cdn.com/content/v1/569bffe6e0327c41cd9cd467/fab20404-dba3-4c19-a053-8fc8d81f4c7d/AF6003AC-81D7-43EB-B456-4198241051E4.jpg]
[images.squarespace-cdn.com/content/v1/569bffe6e0327c41cd9cd467/870a74bf-97aa-43ff-9eec-b0679cde42a2/Stephanie+Hui+cosmo.jpg]
[images.squarespace-cdn.com/content/v1/569bffe6e0327c41cd9cd467/08b0c3c6-9868-42ef-8561-2aed9be928d7/IMG_7403.jpg]
[images.squarespace-cdn.com/content/v1/569bffe6e0327c41cd9cd467/261e9a51-cbcd-40a5-a7f0-cfab3dcbe165/Caitlyn+Chase.png]
[images.squarespace-cdn.com/content/v1/569bffe6e0327c41cd9cd467/e6843dd5-b9da-4554-b28c-968cabde3632/Luciane+Buchanan.jpg]
[images.squarespace-cdn.com/content/v1/569bffe6e0327c41cd9cd467/89002a02-af44-49e4-a5ed-77bf089caa4f/karenbritchick.jpg]
[images.squarespace-cdn.com/content/v1/569bffe6e0327c41cd9cd467/12227b5c-d199-4e47-9217-ff4b949ff4d7/IMG_8139.jpg]
[images.squarespace-cdn.com/content/v1/569bffe6e0327c41cd9cd467/8de071db-f76b-446e-8f05-9ad4e71aa379/untitled-7086.jpg]
[images.squarespace-cdn.com/content/v1/569bffe6e0327c41cd9cd467/ac8e7b2f-2abd-40f5-abe0-235a157c32a9/IMG_1BC7E6861582-1.jpg]
[images.squarespace-cdn.com/content/v1/569bffe6e0327c41cd9cd467/1bbaca9e-8c1b-4ca8-8339-d4cbee1de7fb/IMG_6093.jpg]
[images.squarespace-cdn.com/content/v1/569bffe6e0327c41cd9cd467/9ef7b9eb-b7f2-4424-8ff2-721d62ad0eca/Jessica+Cruel.png]
[images.squarespace-cdn.com/content/v1/569bffe6e0327c41cd9cd467/6dcfca02-6d37-4490-bc86-d0dd49633c1a/Stella+Adewunmi.jpg]
[images.squarespace-cdn.com/content/v1/569bffe6e0327c41cd9cd467/71c42c13-3d49-4787-af05-1c6fc188b571/IMG_5502.jpg]
[images.squarespace-cdn.com/content/v1/569bffe6e0327c41cd9cd467/e4754c80-60b3-41a3-880f-28d33f58b30d/Screen+Shot+2023-02-18+at+5.18.32+PM.jpg]
[images.squarespace-cdn.com/content/v1/569bffe6e0327c41cd9cd467/ea7a3764-5316-4238-ae66-a74e1857e9e5/IMG_7870.jpg]
[images.squarespace-cdn.com/content/v1/569bffe6e0327c41cd9cd467/52ca76c5-09ef-426a-a65b-2d11243758af/84FD80D2-5FE5-43EC-A968-16695B172E1F.jpg]
[images.squarespace-cdn.com/content/v1/569bffe6e0327c41cd9cd467/26f52d14-57e2-49a3-9da6-d5a58bdabb6e/untitled-7076.jpg]
[images.squarespace-cdn.com/content/v1/569bffe6e0327c41cd9cd467/02189062-a3dc-4f48-9f2a-cc48517e86ab/IMG_7867.jpg]
[images.squarespace-cdn.com/content/v1/569bffe6e0327c41cd9cd467/8c856464-c0a0-4325-a51e-878d26cbe8e7/IMG_7865.jpg]
[images.squarespace-cdn.com/content/v1/569bffe6e0327c41cd9cd467/4b2daf9f-61a4-4dea-afc3-8f4aa83fb099/0F06AC99-4741-453C-BB8A-9592558E58B3.jpg]
[images.squarespace-cdn.com/content/v1/569bffe6e0327c41cd9cd467/ffe2366b-d3ac-4bfe-9515-15c05f9eee29/FAE111BB-3EFF-4738-A752-51E5F4EE6437.jpg]
[images.squarespace-cdn.com/content/v1/569bffe6e0327c41cd9cd467/bb7f93a5-68ba-4bee-ba5d-3073bc62702d/IMG_7862.jpg]
[images.squarespace-cdn.com/content/v1/569bffe6e0327c41cd9cd467/0976e1f5-9a42-46a4-91ca-92c88630f2f4/IMG_7864.jpg]
[images.squarespace-cdn.com/content/v1/569bffe6e0327c41cd9cd467/dd20063c-d619-4715-92b2-affab47a25c9/C2A61090-5DE8-4C51-8B03-DC0FC7047242.jpg]
[images.squarespace-cdn.com/content/v1/569bffe6e0327c41cd9cd467/bee980fd-8297-4a21-9115-99688e311a28/A14BC7DC-FF1F-4D6D-8F84-ECDD0B5BF658.jpg]
[images.squarespace-cdn.com/content/v1/569bffe6e0327c41cd9cd467/04f0b9c4-aaf8-4014-80ee-4c94749beb3c/965C2839-5F14-4DF1-A7A2-946F6648DE27.jpg]
[images.squarespace-cdn.com/content/v1/569bffe6e0327c41cd9cd467/af314a7c-1746-4658-a5a1-7749102f2c55/IMG_7866.jpg]
[www.marrisawilsonny.com/community.html]
[www.marrisawilsonny.com/press-media.html]
[www.marrisawilsonny.com/shop817d.html]
[www.marrisawilsonny.com/shopf702.html]
[www.marrisawilsonny.com/shop0be0.html]
[www.marrisawilsonny.com/shop/simone-printed-smocked-maxi-dress-orange-zig-zag.html]
[www.marrisawilsonny.com/shop/naya-printed-smocked-midi-dress-circle-dot.html]
[www.marrisawilsonny.com/shop/angela-printed-short-sleeve-biketard-orange-zig-zag.html]
[www.marrisawilsonny.com/shop/tasha-linen-pocket-mini-dress-orange-zig-zag.html]
[www.marrisawilsonny.com/shop/printed-smocked-maxi-dress-sea-walls.html]
[www.marrisawilsonny.com/shop/tasha-jacquard-pocket-mini-dress-palm-tree.html]
[www.marrisawilsonny.com/shop/ali-ruched-printed-midi-dress-teal-dot.html]
[www.marrisawilsonny.com/shop/jada-printed-maxi-dress-palm-tree.html]
[www.marrisawilsonny.com/shop/tia-plisse-split-maxi-dress-with-cut-out.html]
[www.marrisawilsonny.com/shop/printed-short-sleeve-biketard-teal-dot.html]
[www.marrisawilsonny.com/shop/layla-jacquard-utility-shirt.html]
[www.marrisawilsonny.com/shop/raya-printed-maxi-trucker-jacket-green-palm.html]
[www.marrisawilsonny.com/shop/val-printed-jersey-catsuit-pepperpot.html]
[www.marrisawilsonny.com/shop/jessie-printed-tech-twill-5-pocket-pant-green-palm.html]
[www.marrisawilsonny.com/shop/gia-tuck-lace-sweater-dress.html]
[www.marrisawilsonny.com/shop/tay-plisse-ruched-mini-dress-black.html]
[www.marrisawilsonny.com/shop/tay-plisse-ruched-mini-dress-white.html]
[www.marrisawilsonny.com/shop/jordyn-plisse-ruched-midi-dress-black.html]
[www.marrisawilsonny.com/shop/nika-printed-flare-pull-on-pant-teal-dot.html]
[www.marrisawilsonny.com/shop/leigh-printed-wide-leg-pant-orange-zig-zag.html]
[www.marrisawilsonny.com/shop/diana-color-block-zip-dress.html]
[www.marrisawilsonny.com/shop/avis-eyelet-mock-neck-knit-top.html]
[www.marrisawilsonny.com/shop/ella-two-tone-color-block-midi-dress.html]
[www.marrisawilsonny.com/shop/ella-two-tone-color-block-midi-dress-35hmj.html]
[www.marrisawilsonny.com/shop/billie-black-color-block-double-breasted-blazer.html]
[www.marrisawilsonny.com/shop/record-print-mock-neck-midi-dress.html]
[www.marrisawilsonny.com/shop/sonia-color-block-cargo-culottes.html]
[www.marrisawilsonny.com/shop/aop-record-print-mock-neck-top.html]
[www.marrisawilsonny.com/shop/terri-sulphur-spring-color-block-mock-neck-top.html]
[www.marrisawilsonny.com/shop/terri-black-color-block-mock-neck-top.html]
[www.marrisawilsonny.com/shop/jessie-fabric-block-jeans.html]
[www.marrisawilsonny.com/shop/josephine-black-pleated-kick-flare-jumpsuit.html]
[www.marrisawilsonny.com/shop/marcy-black-sleeveless-pleated-crop-top.html]
[www.marrisawilsonny.com/shop/mimi-fabric-mix-a-line-pleated-skirt.html]
[www.marrisawilsonny.com/shop/bessie-beacon-blue-mock-neck-midi-dress.html]
[www.marrisawilsonny.com/shop/the-duo-ss23-sketch-print.html]
[www.marrisawilsonny.com/shop/sunny-ss23-sketch-print.html]
[www.marrisawilsonny.com/shop/caribbean-heat-ss23-sketch-print.html]
[www.marrisawilsonny.com/shop/teal-dot-ss23-sketch-print.html]
[www.marrisawilsonny.com/shop/green-palm-ss23-sketch-print.html]
[www.marrisawilsonny.com/shop/rainforest-dreams-ss23-sketch-print.html]
[www.marrisawilsonny.com/shop/sea-walls-ss23-sketch-print.html]
[www.marrisawilsonny.com/shop/cool-girl-joy-ss23-sketch-print.html]
[www.marrisawilsonny.com/shop/sequin-night-ss23-sketch-print.html]
[www.marrisawilsonny.com/shop/the-classic-ss23-sketch-print.html]
[www.marrisawilsonny.com/shop/custom-marrisa-wilson-sketch-print.html]
[www.marrisawilsonny.com/shop/custom-marrisa-wilson-sketch-original.html]
[www.marrisawilsonny.com/shop/mary-knit-eyelet-dress-lf49s.html]
[www.marrisawilsonny.com/shop/melanie-color-block-twill-trucker-jacket.html]
[www.marrisawilsonny.com/shop/angela-color-block-biketard.html]
[www.marrisawilsonny.com/shop/aretha-oversized-color-block-shirt-hzfcl.html]
[www.marrisawilsonny.com/shop/mimi-shiny-a-line-pleated-skirt-yal75.html]
[www.marrisawilsonny.com/shop/mwny-x-gigi-burris-tall-bucket-hat.html]
[www.marrisawilsonny.com/shop/mwny-x-gigi-burris-circle-visor.html]
[www.marrisawilsonny.com/shop/etta-knit-flare-jumpsuit.html]
[www.marrisawilsonny.com/shop/zora-black-trucker-jacket.html]
[www.marrisawilsonny.com/shop/bessie-beacon-blue-mock-neck-midi-dress-black.html]
[www.marrisawilsonny.com/shop/billie-black-color-block-double-breasted-blazer-mwsm3.html]
[www.marrisawilsonny.com/shop.html]
[www.marrisawilsonny.com/shop6102.html]
[www.marrisawilsonny.com/shopa119.html]
[www.marrisawilsonny.com/shop88cf.html]
[www.marrisawilsonny.com/shop8f42.html]
[www.marrisawilsonny.com/shop4cc2.html]
[www.marrisawilsonny.com/shopf440.html]
[www.marrisawilsonny.com/shop/ella-color-block-midi-dress-black-white.html]
[www.marrisawilsonny.com/shopd902.html]
[www.marrisawilsonny.com/shop9ec0.html]
[www.marrisawilsonny.com/shop42b9.html]
[www.marrisawilsonny.com/shop63df.html]
[assets.squarespace.com/universal/scripts-compressed/extract-css-runtime-a2634a5e2cbb1e6dbfa8-min.en-US.js]
[images.squarespace-cdn.com/content/569bffe6e0327c41cd9cd467/1694029205510-432XZQSNKKC1XPEBT2JV/MW+SS24+Cover2acd.png]
[images.squarespace-cdn.com/content/v1/569bffe6e0327c41cd9cd467/d91c6be9-d3f2-423f-8720-d32c57cac317/Wild+Coast+Brief.jpg]
[images.squarespace-cdn.com/content/v1/569bffe6e0327c41cd9cd467/1694027729073-4EPK8PRRTBVRUVAF4V7R/MW+SS24+Look+1.jpg]
[images.squarespace-cdn.com/content/v1/569bffe6e0327c41cd9cd467/1694027729329-6HEWEG5RWQ3QY2L3N2FS/MW+SS24+Look+2.jpg]
[images.squarespace-cdn.com/content/v1/569bffe6e0327c41cd9cd467/1694027731522-884XMGWIK36OXMKPJ8FR/MW+SS24+Look+3.jpg]
[images.squarespace-cdn.com/content/v1/569bffe6e0327c41cd9cd467/1694027732304-4RUBNHYF00D7TNWK8H6F/MW+SS24+Look+4.jpg]
[images.squarespace-cdn.com/content/v1/569bffe6e0327c41cd9cd467/1694027734036-92P4IZ1OQO47ILFKILX4/MW+SS24+Look+5.jpg]
[images.squarespace-cdn.com/content/v1/569bffe6e0327c41cd9cd467/1694027734593-2ZCQU54OAK32D6Y0T7ZH/MW+SS24+Look+6.jpg]
[images.squarespace-cdn.com/content/v1/569bffe6e0327c41cd9cd467/1694094622009-PFAOV2XUIGQDX7K6ETME/Look+7.jpg]
[images.squarespace-cdn.com/content/v1/569bffe6e0327c41cd9cd467/1694027736601-VYQ7SQ1XAOK8HGASWL7H/MW+SS24+Look+8.jpg]
[images.squarespace-cdn.com/content/v1/569bffe6e0327c41cd9cd467/1694027738101-88R3O07UEYKGT03F9M8N/MW+SS24+Look+9.jpg]
[images.squarespace-cdn.com/content/v1/569bffe6e0327c41cd9cd467/1694027738503-KS6YSHHV61NX2XM1K0SL/MW+SS24+Look+10.jpg]
[images.squarespace-cdn.com/content/v1/569bffe6e0327c41cd9cd467/1694027740966-B64UBNQ9986C31N86VBX/MW+SS24+Look+11.jpg]
[images.squarespace-cdn.com/content/v1/569bffe6e0327c41cd9cd467/1694027741173-3PLP5E367M3DG34FY0HJ/MW+SS24+Look+12.jpg]
[images.squarespace-cdn.com/content/v1/569bffe6e0327c41cd9cd467/1694027743686-QEE5LA998PY6E12SCIMW/MW+SS24+Look+13.jpg]
[images.squarespace-cdn.com/content/v1/569bffe6e0327c41cd9cd467/1694027744250-1VCY2H9YMWPZVC34V9OF/MW+SS24+Look+14.jpg]
[images.squarespace-cdn.com/content/v1/569bffe6e0327c41cd9cd467/1694027747100-B6WEPNN3BNXUQACKROHI/MW+SS24+Look+15.jpg]
[images.squarespace-cdn.com/content/v1/569bffe6e0327c41cd9cd467/1694027747331-JH05LMJ0CTB0Z6HD86QQ/MW+SS24+Look+16.jpg]
[images.squarespace-cdn.com/content/v1/569bffe6e0327c41cd9cd467/1694027750078-Z8ZJ3EZWSOQCB9WSXRPN/MW+SS24+Look+17.jpg]
[images.squarespace-cdn.com/content/v1/569bffe6e0327c41cd9cd467/1694027749906-ZNPOANT5TWTWXY33OSVF/MW+SS24+Look+18.jpg]
[images.squarespace-cdn.com/content/v1/569bffe6e0327c41cd9cd467/1694027752709-IZXIHN1V5WVA4VNC5MWQ/MW+SS24+Look+19.jpg]
[images.squarespace-cdn.com/content/v1/569bffe6e0327c41cd9cd467/1694030808971-6L4WJW9M9LU5VNH9IYAW/MW+SS24+Look+20.jpg]
[www.marrisawilsonny.com/springsummer-2024-collection.html]
[images.squarespace-cdn.com/content/569bffe6e0327c41cd9cd467/1683118045760-O6TDKCAAFBH4RUWLZC1E/Marrisa_Wilson_SS23+Hero+Image+343a3.jpg]
[www.marrisawilsonny.com/_https_/www.youtube.com/embed/DwF8y_fvjpk.136250f.delayed]
[images.squarespace-cdn.com/content/v1/569bffe6e0327c41cd9cd467/4356b503-35cb-429a-8ad7-99a00ff3b094/Tia_black_and_white_plisse_split_maxi_dress.jpg]
[images.squarespace-cdn.com/content/v1/569bffe6e0327c41cd9cd467/9bdac119-84bf-4ecf-a150-c1e880c9ef9a/Tia_editorial_black_white_split_maxi_dress_side_view.jpg]
[images.squarespace-cdn.com/content/v1/569bffe6e0327c41cd9cd467/574d1818-9781-452a-9c8c-68e81a0cf89c/simone_orange_zig_zag_smocked_maxi_dress_editorial.jpg]
[images.squarespace-cdn.com/content/v1/569bffe6e0327c41cd9cd467/cbc1b83e-6857-4c22-b6e7-68a8a6e6e910/simone_orange_zig_zag_smocked_maxi_dress_back_editorial.jpg]
[images.squarespace-cdn.com/content/v1/569bffe6e0327c41cd9cd467/ec19fe74-26fa-40f4-8407-86988879b5f4/Simone_orange_zig_zag_maxi_dress_print_detail.jpg]
[images.squarespace-cdn.com/content/v1/569bffe6e0327c41cd9cd467/3613935c-6956-4ede-aa3b-1705e23d0b74/Angela_Orange_Zig_Zag_Biketard_front_1.jpg]
[images.squarespace-cdn.com/content/v1/569bffe6e0327c41cd9cd467/28dde4a7-f73a-4ba1-ab44-781cc77dc4e7/Angela_orange_zig_zag_front_2.jpg]
[images.squarespace-cdn.com/content/v1/569bffe6e0327c41cd9cd467/3a8ad287-a649-4c42-a096-34423bc6c1c1/Angela_orange_zig_zag_biketard_back.jpg]
[images.squarespace-cdn.com/content/v1/569bffe6e0327c41cd9cd467/98e83206-b40e-4d77-8240-9e53486fe23f/Ali_Ruched_printed_midi_dress_front.jpg]
[images.squarespace-cdn.com/content/v1/569bffe6e0327c41cd9cd467/a06547ac-d6a7-4f48-8dba-c5d5d8c20e16/Jada_printed_maxi_dress_front.jpg]
[images.squarespace-cdn.com/content/v1/569bffe6e0327c41cd9cd467/02bc65da-c394-4f48-b110-a36f19f7470f/Jada_printed_maxi_dress_print_detail.jpg]
[images.squarespace-cdn.com/content/v1/569bffe6e0327c41cd9cd467/10712b45-cb6a-494c-9680-207523f91dbf/val_printed_catsuit_back.jpg]
[images.squarespace-cdn.com/content/v1/569bffe6e0327c41cd9cd467/5c756921-f5b0-4525-bbd3-5f61948bc14f/simone_sea_walls_printed_maxi_dress_editorial.jpg]
[images.squarespace-cdn.com/content/v1/569bffe6e0327c41cd9cd467/a2c064ce-8a58-49f4-b869-1d1d67886f5e/simone_printed_smocked_maxi_dress_black_white.jpg]
[images.squarespace-cdn.com/content/v1/569bffe6e0327c41cd9cd467/1fe07e15-fbe0-4622-849c-ab19256a03e7/simone_sea_walls_smocking_detail.jpg]
[images.squarespace-cdn.com/content/v1/569bffe6e0327c41cd9cd467/46a6ff4d-0309-4db5-8974-e5fef2d2faaa/angela_teal_dot_biketard_close_up_detail.jpg]
[images.squarespace-cdn.com/content/v1/569bffe6e0327c41cd9cd467/d7c6786f-abc1-4103-b223-1f9c591050f4/angela_teal_dot_printed_biketard_side_view.jpg]
[images.squarespace-cdn.com/content/v1/569bffe6e0327c41cd9cd467/01549380-0732-461f-b9af-0a81b567072c/tasha_orange_zigzag_mini_dress_front.jpg]
[images.squarespace-cdn.com/content/v1/569bffe6e0327c41cd9cd467/be39d2ef-0708-4b0b-bab7-1dedac771471/Tasha_orange_zig_zag_quad_pocket_mini_dress.jpg]
[images.squarespace-cdn.com/content/v1/569bffe6e0327c41cd9cd467/6337d74d-dedc-44a2-ad21-d8f79355241b/tasha_quad_pocket_orange_detail.jpg]
[images.squarespace-cdn.com/content/v1/569bffe6e0327c41cd9cd467/e2831713-84d3-4d6e-bb0d-0dea19da3260/naya_Smocked_midi_dress_detail.jpg]
[images.squarespace-cdn.com/content/v1/569bffe6e0327c41cd9cd467/e645b8b1-b643-4f0c-9adc-5649778c0972/MARRISA0A9A1636.jpg]
[images.squarespace-cdn.com/content/v1/569bffe6e0327c41cd9cd467/570515b6-8662-4c6d-9a7c-38176d50bd74/MARRISA0A9A1696.jpg]
[images.squarespace-cdn.com/content/v1/569bffe6e0327c41cd9cd467/3df3404e-2946-415b-9ada-06897ced72d5/MARRISA0A9A9764.jpg]
[images.squarespace-cdn.com/content/v1/569bffe6e0327c41cd9cd467/de7b054e-7c58-446e-8ffb-3b759b7a063c/MARRISA0A9A9722.jpg]
[images.squarespace-cdn.com/content/v1/569bffe6e0327c41cd9cd467/3d6f4bac-dce2-4a61-a00b-754070235019/MARRISA0A9A1525.jpg]
[images.squarespace-cdn.com/content/v1/569bffe6e0327c41cd9cd467/88dd2755-e0ac-40b2-88bb-b8c4a2079cde/MARRISA0A9A1471.jpg]
[images.squarespace-cdn.com/content/v1/569bffe6e0327c41cd9cd467/b1868bd1-878d-40ca-8cb2-58f565e80ce1/MARRISA0A9A1022.jpg]
[images.squarespace-cdn.com/content/v1/569bffe6e0327c41cd9cd467/64ff0272-a115-4b73-b248-f35fe31f01f8/MARRISA0A9A1041.jpg]
[images.squarespace-cdn.com/content/v1/569bffe6e0327c41cd9cd467/3dfd6776-4056-4265-a1ab-d240078949f5/MARRISA0A9A1364.jpg]
[images.squarespace-cdn.com/content/v1/569bffe6e0327c41cd9cd467/933cf599-76a0-495d-a3df-9c59684b2b89/MARRISA0A9A1267.jpg]
[images.squarespace-cdn.com/content/v1/569bffe6e0327c41cd9cd467/d84d694f-18f1-4958-9afb-676b5d8f6f3b/MARRISA0A9A1370.jpg]
[images.squarespace-cdn.com/content/v1/569bffe6e0327c41cd9cd467/a24fbd7b-6a14-43d1-b1d7-43d5b5c31f36/MARRISA0A9A0392.jpg]
[www.marrisawilsonny.com/springsummer-2023-editorial-campaign.html]
[images.squarespace-cdn.com/content/569bffe6e0327c41cd9cd467/1676920078721-HGG2TBW3NODEGK3U13UG/Look+2443a3.jpg]
[www.marrisawilsonny.com/_https_/www.youtube.com/embed/Pyy4g3iSZ2E.15d250f.delayed]
[images.squarespace-cdn.com/content/v1/569bffe6e0327c41cd9cd467/c421cf70-6897-47aa-ab98-1a3f313015ed/Screenshot+2023-08-15+at+1.26.20+PM.png]
[images.squarespace-cdn.com/content/v1/569bffe6e0327c41cd9cd467/1676918949952-5C75JB99BICGWRCH2S5D/Look+1.jpg]
[images.squarespace-cdn.com/content/v1/569bffe6e0327c41cd9cd467/1676918950157-5Q4X37GM6L28PRW6SDKL/Look+2.jpg]
[images.squarespace-cdn.com/content/v1/569bffe6e0327c41cd9cd467/1676918953109-AEWM5GJKNYB5W2YU81LS/Look+3.jpg]
[images.squarespace-cdn.com/content/v1/569bffe6e0327c41cd9cd467/1676918953757-ICOUG6C51RSP1IU9WVA8/Look+4.jpg]
[images.squarespace-cdn.com/content/v1/569bffe6e0327c41cd9cd467/1676918954690-P92V5TE8BAY2E9YOPWC0/Look+5.jpg]
[images.squarespace-cdn.com/content/v1/569bffe6e0327c41cd9cd467/1676918955404-CDTPH7A9QXI1XTNG5HUV/Look+6.jpg]
[images.squarespace-cdn.com/content/v1/569bffe6e0327c41cd9cd467/1676918956093-207NA16LO2ALRJR7P68E/Look+7.jpg]
[images.squarespace-cdn.com/content/v1/569bffe6e0327c41cd9cd467/1676918957075-R0DAKJ0CZBX22LJ60G3E/Look+8.jpg]
[images.squarespace-cdn.com/content/v1/569bffe6e0327c41cd9cd467/1676918957647-JI9J38ZHWX301ZZSA5WL/Look+9.jpg]
[images.squarespace-cdn.com/content/v1/569bffe6e0327c41cd9cd467/1676918958566-0H7NG6JE2SH7LE9LBM1R/Look+10.jpg]
[images.squarespace-cdn.com/content/v1/569bffe6e0327c41cd9cd467/1676918959328-5ZL7WFQ0WSXFFCRCBG6L/Look+11.jpg]
[images.squarespace-cdn.com/content/v1/569bffe6e0327c41cd9cd467/1676918960098-3LTR293A2U95XZZ8TYAU/Look+12.jpg]
[images.squarespace-cdn.com/content/v1/569bffe6e0327c41cd9cd467/1676918961034-O9BFCLMADDKW85H9LHEJ/Look+13.jpg]
[images.squarespace-cdn.com/content/v1/569bffe6e0327c41cd9cd467/1676918961777-KWPSZAFM7C0M4KJE2Z37/Look+14.jpg]
[images.squarespace-cdn.com/content/v1/569bffe6e0327c41cd9cd467/1676918962491-8V3LCYW9JV2O108KQLJZ/Look+15.jpg]
[images.squarespace-cdn.com/content/v1/569bffe6e0327c41cd9cd467/1676918963522-D7B7MXX9TLFUH9LHMYA9/Look+16.jpg]
[images.squarespace-cdn.com/content/v1/569bffe6e0327c41cd9cd467/1676918964409-KIZOX91DILRGZJWHIZ6M/Look+17.jpg]
[images.squarespace-cdn.com/content/v1/569bffe6e0327c41cd9cd467/1676918965103-IG49Z8V9AYIT3EFGHPRZ/Look+18.jpg]
[images.squarespace-cdn.com/content/v1/569bffe6e0327c41cd9cd467/1676918966047-GOHMR8FXKZFSK2GY7MHU/Look+19.jpg]
[images.squarespace-cdn.com/content/v1/569bffe6e0327c41cd9cd467/1676918966651-7VXKKU7ZML4M0TOY0UD0/Look+20.jpg]
[images.squarespace-cdn.com/content/v1/569bffe6e0327c41cd9cd467/1676918967496-Y4CLQWATZF6HWM4KXN2D/Look+21.jpg]
[images.squarespace-cdn.com/content/v1/569bffe6e0327c41cd9cd467/1676918968149-YU1IAT5A09Q631VIXSYH/Look+22.jpg]
[images.squarespace-cdn.com/content/v1/569bffe6e0327c41cd9cd467/1676918968865-7QDE48TKC7722MXVE9DF/Look+23.jpg]
[images.squarespace-cdn.com/content/v1/569bffe6e0327c41cd9cd467/1676918969568-5TKF7CXYXJQD10HJEKV0/Look+24.jpg]
[images.squarespace-cdn.com/content/v1/569bffe6e0327c41cd9cd467/1676918987101-1NPEM2WTRN3KVW178OGQ/Designer+Curtain+Call.jpg]
[www.marrisawilsonny.com/fall-winter-2023-runway-collection.html]
[images.squarespace-cdn.com/content/569bffe6e0327c41cd9cd467/1663446932344-4WX9V53MP4J3XIL233HL/youtube+cover43a3.jpg]
[images.squarespace-cdn.com/content/v1/569bffe6e0327c41cd9cd467/fb1fdf32-829b-4632-9304-ccb32b633014/Screenshot+2023-08-15+at+1.29.06+PM.png]
[images.squarespace-cdn.com/content/v1/569bffe6e0327c41cd9cd467/1663446293471-WGGPNND51UYSRL6W8XCC/Marissa_Wilson_SS2023_LOOK_001.jpg]
[images.squarespace-cdn.com/content/v1/569bffe6e0327c41cd9cd467/1663446293437-GQH456LG20LGXRTSVBVM/Marissa_Wilson_SS2023_LOOK_002.jpg]
[images.squarespace-cdn.com/content/v1/569bffe6e0327c41cd9cd467/1663446294580-8ADEAHH1YUKF3SX42N48/Marissa_Wilson_SS2023_LOOK_003.jpg]
[images.squarespace-cdn.com/content/v1/569bffe6e0327c41cd9cd467/1663446295008-BF630AAN4PC4T9LCH0QB/Marissa_Wilson_SS2023_LOOK_004.jpg]
[images.squarespace-cdn.com/content/v1/569bffe6e0327c41cd9cd467/1663446295701-NUHLQ3PGINNLC8YCLHVH/Marissa_Wilson_SS2023_LOOK_005.jpg]
[images.squarespace-cdn.com/content/v1/569bffe6e0327c41cd9cd467/1663446295940-FQ23JHX71PAGMQPMIHZZ/Marissa_Wilson_SS2023_LOOK_006.jpg]
[images.squarespace-cdn.com/content/v1/569bffe6e0327c41cd9cd467/1663446296756-A7HX83A20BDB960JW2MJ/Marissa_Wilson_SS2023_LOOK_007.jpg]
[images.squarespace-cdn.com/content/v1/569bffe6e0327c41cd9cd467/1663446297373-D25YE99DABAP2TLSTY21/Marissa_Wilson_SS2023_LOOK_008.jpg]
[images.squarespace-cdn.com/content/v1/569bffe6e0327c41cd9cd467/1663446297800-GTZ241UM6R5V5OI3G2J6/Marissa_Wilson_SS2023_LOOK_009.jpg]
[images.squarespace-cdn.com/content/v1/569bffe6e0327c41cd9cd467/1663446298631-47I3J8GVQ269UT9JOB1Z/Marissa_Wilson_SS2023_LOOK_010.jpg]
[images.squarespace-cdn.com/content/v1/569bffe6e0327c41cd9cd467/1663446299083-NLHWNFUIE5RDT54XNN85/Marissa_Wilson_SS2023_LOOK_011.jpg]
[images.squarespace-cdn.com/content/v1/569bffe6e0327c41cd9cd467/1663446299518-HHXMAFUOC48JKDOB0215/Marissa_Wilson_SS2023_LOOK_012.jpg]
[images.squarespace-cdn.com/content/v1/569bffe6e0327c41cd9cd467/1663446300032-DW46S1R726ZYEWLCR897/Marissa_Wilson_SS2023_LOOK_013.jpg]
[images.squarespace-cdn.com/content/v1/569bffe6e0327c41cd9cd467/1663446300570-2QTAU2GS3D0XETQE472B/Marissa_Wilson_SS2023_LOOK_014.jpg]
[images.squarespace-cdn.com/content/v1/569bffe6e0327c41cd9cd467/1663446301069-JTC6BQ1S7JEZ7O0ZGHWS/Marissa_Wilson_SS2023_LOOK_015.jpg]
[images.squarespace-cdn.com/content/v1/569bffe6e0327c41cd9cd467/1663446301649-9EBF9QCQ1HMY2V6WDHKU/Marissa_Wilson_SS2023_LOOK_016.jpg]
[images.squarespace-cdn.com/content/v1/569bffe6e0327c41cd9cd467/1663446302203-DF00DS6A1T0D42ROFGN6/Marissa_Wilson_SS2023_LOOK_017.jpg]
[images.squarespace-cdn.com/content/v1/569bffe6e0327c41cd9cd467/1663446302750-9JQEYSQO734ZXIV1BM23/Marissa_Wilson_SS2023_LOOK_018.jpg]
[images.squarespace-cdn.com/content/v1/569bffe6e0327c41cd9cd467/1663446303356-4RKO6O9EJEFJGOK4EAM0/Marissa_Wilson_SS2023_LOOK_019.jpg]
[images.squarespace-cdn.com/content/v1/569bffe6e0327c41cd9cd467/1663446303844-EF5D7ARV52CF6LTW1QXE/Marissa_Wilson_SS2023_LOOK_020.jpg]
[images.squarespace-cdn.com/content/v1/569bffe6e0327c41cd9cd467/1663446304390-N3CHNXTVPAD2VD9LR6EO/Marissa_Wilson_SS2023_LOOK_021.jpg]
[images.squarespace-cdn.com/content/v1/569bffe6e0327c41cd9cd467/1663446304964-U5KIZQRG0FC3WIUUYZ34/Marissa_Wilson_SS2023_LOOK_022.jpg]
[images.squarespace-cdn.com/content/v1/569bffe6e0327c41cd9cd467/1663446305476-IKIH5I6TV8I8OX62ERRD/Marissa_Wilson_SS2023_LOOK_023.jpg]
[images.squarespace-cdn.com/content/v1/569bffe6e0327c41cd9cd467/1663446306057-2NXIDDC7OZ3OSOIY58SX/Marissa_Wilson_SS2023_LOOK_024.jpg]
[images.squarespace-cdn.com/content/v1/569bffe6e0327c41cd9cd467/1663446306603-O36Y58P17U2NOHZPV2UZ/Marissa_Wilson_SS2023_LOOK_025.jpg]
[images.squarespace-cdn.com/content/v1/569bffe6e0327c41cd9cd467/1663446307030-HH75W9X3IVLBROGRSBF2/Marissa_Wilson_SS2023_LOOK_026.jpg]
[images.squarespace-cdn.com/content/v1/569bffe6e0327c41cd9cd467/1663446307470-54LJVHWKP7TWMMMWDWCP/Marissa_Wilson_SS2023_LOOK_027.jpg]
[images.squarespace-cdn.com/content/v1/569bffe6e0327c41cd9cd467/1663446307985-9PVDV50G416HXGGGI6ZM/Marissa_Wilson_SS2023_LOOK_028.jpg]
[images.squarespace-cdn.com/content/v1/569bffe6e0327c41cd9cd467/1663446308556-QUHSV0I38G23EX06FDBM/Marissa_Wilson_SS2023_LOOK_029.jpg]
[images.squarespace-cdn.com/content/v1/569bffe6e0327c41cd9cd467/1663446309075-L60V8SB8V9E4CUOXJBAH/Marissa_Wilson_SS2023_LOOK_030.jpg]
[images.squarespace-cdn.com/content/v1/569bffe6e0327c41cd9cd467/1663446309562-IWIEUCF8SHS3OBQMRGEW/Marissa_Wilson_SS2023_LOOK_031.jpg]
[images.squarespace-cdn.com/content/v1/569bffe6e0327c41cd9cd467/1663446310177-W09EF6O6N51UU8RHX8H2/Marissa_Wilson_SS2023_LOOK_032.jpg]
[images.squarespace-cdn.com/content/v1/569bffe6e0327c41cd9cd467/1663446310775-RLDBW6K1DH213Q3ZJGT7/Marissa_Wilson_SS2023_LOOK_033.jpg]
[images.squarespace-cdn.com/content/v1/569bffe6e0327c41cd9cd467/1663446311462-K0L6DR7PVR5PMKDYNX2U/Marissa_Wilson_SS2023_LOOK_034.jpg]
[images.squarespace-cdn.com/content/v1/569bffe6e0327c41cd9cd467/1663446311911-4D276Q6EOO9FFQG8LKD8/Marissa_Wilson_SS2023_LOOK_035.jpg]
[images.squarespace-cdn.com/content/v1/569bffe6e0327c41cd9cd467/1663446312491-AR8JKM5CFV2NNAE8UB5V/Marissa_Wilson_SS2023_LOOK_036.jpg]
[images.squarespace-cdn.com/content/v1/569bffe6e0327c41cd9cd467/1663446312967-OHEODJOLQJ8AVUKY2P8V/Marissa_Wilson_SS2023_LOOK_037.jpg]
[images.squarespace-cdn.com/content/v1/569bffe6e0327c41cd9cd467/1663446313419-2OGK2B53HNH6WDTORI4T/Marissa_Wilson_SS2023_LOOK_038.jpg]
[images.squarespace-cdn.com/content/v1/569bffe6e0327c41cd9cd467/1663446314044-E9XTQIWLNE2MAHPPMZV2/Marissa_Wilson_SS2023_LOOK_039.jpg]
[images.squarespace-cdn.com/content/v1/569bffe6e0327c41cd9cd467/1663446314587-ALH9EXG4WCFKTZ5SPCT8/Marissa_Wilson_SS2023_LOOK_040.jpg]
[images.squarespace-cdn.com/content/v1/569bffe6e0327c41cd9cd467/1663446315058-D6GUJY7M10Q6TGUEE7F2/Marissa_Wilson_SS2023_LOOK_041.jpg]
[images.squarespace-cdn.com/content/v1/569bffe6e0327c41cd9cd467/1663446315590-ESIIJ1YEJKW79P4BE3PE/Marissa_Wilson_SS2023_LOOK_049.jpg]
[www.marrisawilsonny.com/spring-summer-2023-runway-collection.html]
[www.marrisawilsonny.com/_https_/player.vimeo.com/video/599064133.1ab6a1a.delayed]
[images.squarespace-cdn.com/content/v1/569bffe6e0327c41cd9cd467/1630968466888-MS9A7METH1JTBAEUIG9L/LOOK_1_MARRISA_WILSON_NY_S22_LOOKBOOK.jpg]
[images.squarespace-cdn.com/content/v1/569bffe6e0327c41cd9cd467/1630968466958-RVDXF13GODNCN3CBJKV8/LOOK_2_MARRISA_WILSON_NY_S22_LOOKBOOK.jpg]
[images.squarespace-cdn.com/content/v1/569bffe6e0327c41cd9cd467/1630968469718-9HQ3RLJRDFTQTB6I389J/LOOK_3_MARRISA_WILSON_NY_S22_LOOKBOOK.jpg]
[images.squarespace-cdn.com/content/v1/569bffe6e0327c41cd9cd467/1630968469724-33MS97EAPLV9KS7ZKGJA/LOOK_4_MARRISA_WILSON_NY_S22_LOOKBOOK.jpg]
[images.squarespace-cdn.com/content/v1/569bffe6e0327c41cd9cd467/1630968472800-NWOQZQA33DEI40EX15FK/LOOK_5_MARRISA_WILSON_NY_S22_LOOKBOOK.jpg]
[images.squarespace-cdn.com/content/v1/569bffe6e0327c41cd9cd467/1630968472757-H272V3SOPZRBOBF023JH/LOOK_6_MARRISA_WILSON_NY_S22_LOOKBOOK.jpg]
[images.squarespace-cdn.com/content/v1/569bffe6e0327c41cd9cd467/1630968476260-BZCKD9YOJ31W6OWLMQ6K/LOOK_7_MARRISA_WILSON_NY_S22_LOOKBOOK.jpg]
[images.squarespace-cdn.com/content/v1/569bffe6e0327c41cd9cd467/1630968475988-3K6ZGTV9LAPMPJ9324EP/LOOK_8_MARRISA_WILSON_NY_S22_LOOKBOOK.jpg]
[images.squarespace-cdn.com/content/v1/569bffe6e0327c41cd9cd467/1630968478751-2ALH238CHR058JO19HZ9/LOOK_9_MARRISA_WILSON_NY_S22_LOOKBOOK.jpg]
[images.squarespace-cdn.com/content/v1/569bffe6e0327c41cd9cd467/1630968478746-QSQUNRZJYCIWZB8M69KP/LOOK_10_MARRISA_WILSON_NY_S22_LOOKBOOK.jpg]
[images.squarespace-cdn.com/content/v1/569bffe6e0327c41cd9cd467/1630968481027-ZOLZED37OWE73Y08GGID/LOOK_11_MARRISA_WILSON_NY_S22_LOOKBOOK.jpg]
[images.squarespace-cdn.com/content/v1/569bffe6e0327c41cd9cd467/1630968481356-9MX07NB064SD4ZIN63HZ/LOOK_12_MARRISA_WILSON_NY_S22_LOOKBOOK.jpg]
[images.squarespace-cdn.com/content/v1/569bffe6e0327c41cd9cd467/1630968483588-EVRUVW57P3A3HB50DIY1/LOOK_13_MARRISA_WILSON_NY_S22_LOOKBOOK.jpg]
[images.squarespace-cdn.com/content/v1/569bffe6e0327c41cd9cd467/1630968483882-GPEJC079S4KL2XRQ3FQY/LOOK_14_MARRISA_WILSON_NY_S22_LOOKBOOK.jpg]
[images.squarespace-cdn.com/content/v1/569bffe6e0327c41cd9cd467/1630968486289-KBOV130EZB16NJBLIIJ8/LOOK_15_MARRISA_WILSON_NY_S22_LOOKBOOK.jpg]
[images.squarespace-cdn.com/content/v1/569bffe6e0327c41cd9cd467/1630968486512-TEJYH3F246DBLV6RHAKV/LOOK_16_MARRISA_WILSON_NY_S22_LOOKBOOK.jpg]
[images.squarespace-cdn.com/content/v1/569bffe6e0327c41cd9cd467/1630968488536-GWS8RAG39PO8HFE3AGYI/LOOK_17_MARRISA_WILSON_NY_S22_LOOKBOOK.jpg]
[images.squarespace-cdn.com/content/v1/569bffe6e0327c41cd9cd467/1630968488905-X6W768N5X7ZKHGSZ7M3C/LOOK_18_MARRISA_WILSON_NY_S22_LOOKBOOK.jpg]
[images.squarespace-cdn.com/content/v1/569bffe6e0327c41cd9cd467/1630968490980-JH31GWVROAKESR8LKPS7/LOOK_19_MARRISA_WILSON_NY_S22_LOOKBOOK.jpg]
[images.squarespace-cdn.com/content/v1/569bffe6e0327c41cd9cd467/1630968491473-NUQ8AZYRURAJAPQCDHJH/LOOK_20_MARRISA_WILSON_NY_S22_LOOKBOOK.jpg]
[images.squarespace-cdn.com/content/v1/569bffe6e0327c41cd9cd467/1630968493059-EVBSH95TYYVMWEH09SVN/LOOK_21_MARRISA_WILSON_NY_S22_LOOKBOOK.jpg]
[images.squarespace-cdn.com/content/v1/569bffe6e0327c41cd9cd467/1630968493575-6KFLZF8R1RPRW88V17MO/LOOK_22_MARRISA_WILSON_NY_S22_LOOKBOOK.jpg]
[www.marrisawilsonny.com/spring-summer-2022-editorial.html]
[www.marrisawilsonny.com/_https_/player.vimeo.com/video/520704673.1c54f9a.delayed]
[images.squarespace-cdn.com/content/v1/569bffe6e0327c41cd9cd467/1615155930322-EDI3RMOPBDO3J1B5S2EV/MWNYxLevi's-40.jpg]
[images.squarespace-cdn.com/content/v1/569bffe6e0327c41cd9cd467/1615158958187-PSSKJRN4VNUDH410CMLJ/MWNYxLevi's-4.jpg]
[images.squarespace-cdn.com/content/v1/569bffe6e0327c41cd9cd467/1615158968083-OCZK66N0HB63JB9Q49SU/MWNYxLevi's-11.jpg]
[images.squarespace-cdn.com/content/v1/569bffe6e0327c41cd9cd467/1615158972261-0L9Q1SM6QBSBNSH8VYF3/MWNYxLevi's-1.jpg]
[images.squarespace-cdn.com/content/v1/569bffe6e0327c41cd9cd467/1615159216874-412BQI5T1LID9WF7JZK8/MWNYxLevi's-2.jpg]
[images.squarespace-cdn.com/content/v1/569bffe6e0327c41cd9cd467/1615158995030-4LF45DRC3SOE8IJMCGAO/MWNYxLevi's-7.jpg]
[images.squarespace-cdn.com/content/v1/569bffe6e0327c41cd9cd467/1615159007151-WEVUAYYZTXKNXLW5HTNF/MWNYxLevi's-12.jpg]
[images.squarespace-cdn.com/content/v1/569bffe6e0327c41cd9cd467/1615159021196-BLOJ80DSD3RE98P5RE4E/MWNYxLevi's-17.jpg]
[images.squarespace-cdn.com/content/v1/569bffe6e0327c41cd9cd467/1615159027485-EWJE995A2YKX52IIWVJU/MWNYxLevi's-19.jpg]
[images.squarespace-cdn.com/content/v1/569bffe6e0327c41cd9cd467/1615159036088-THG8Z0AUYNPH0BGTQIP8/MWNYxLevi's-21.jpg]
[images.squarespace-cdn.com/content/v1/569bffe6e0327c41cd9cd467/1615159043391-86N4RHO2R9DL92BMJ85D/MWNYxLevi's-22.jpg]
[images.squarespace-cdn.com/content/v1/569bffe6e0327c41cd9cd467/1615159051264-ZZFD6NE89N3E2JCOEAS9/MWNYxLevi's-24.jpg]
[images.squarespace-cdn.com/content/v1/569bffe6e0327c41cd9cd467/1615159059516-S5KQKB9W99UTB2Z7X2Q7/MWNYxLevi's-16.jpg]
[www.marrisawilsonny.com/levis-x-marrisa-wilson-ny-collaboration.html]
[www.marrisawilsonny.com/_https_/player.vimeo.com/video/512168160.1d64f9a.delayed]
[images.squarespace-cdn.com/content/v1/569bffe6e0327c41cd9cd467/1613258775580-ZO0L0YM6CXNV7V3MNUQ2/EDITORIAL+LOOK+1.jpg]
[images.squarespace-cdn.com/content/v1/569bffe6e0327c41cd9cd467/1613258775142-4GAUQMT43GTMZQNR1HJD/EDITORIAL+LOOK+2.jpg]
[images.squarespace-cdn.com/content/v1/569bffe6e0327c41cd9cd467/1613258775989-0UU6Q5Z73MZ8MKZ115BV/EDITORIAL+LOOK+3.jpg]
[images.squarespace-cdn.com/content/v1/569bffe6e0327c41cd9cd467/1613258776209-ISCR85OZAS5KEYGDVB95/EDITORIAL+LOOK+4.jpg]
[images.squarespace-cdn.com/content/v1/569bffe6e0327c41cd9cd467/1613258776750-W7IE1GO180X6VSC6S3P9/EDITORIAL+LOOK+5.jpg]
[images.squarespace-cdn.com/content/v1/569bffe6e0327c41cd9cd467/1613258781201-4F381ZG4B39S8S3O1VLW/EDITORIAL+LOOK+6.jpg]
[images.squarespace-cdn.com/content/v1/569bffe6e0327c41cd9cd467/1613258782215-WB1NENEPXMLUAYUDZT0U/EDITORIAL+LOOK+7.jpg]
[images.squarespace-cdn.com/content/v1/569bffe6e0327c41cd9cd467/1613258783322-ABUK5YWOVNM54M2IA0BV/EDITORIAL+LOOK+8.jpg]
[images.squarespace-cdn.com/content/v1/569bffe6e0327c41cd9cd467/1613258783693-LU7QLVSFTUKZ83W9LGHV/EDITORIAL+LOOK+9.jpg]
[images.squarespace-cdn.com/content/v1/569bffe6e0327c41cd9cd467/1613258784106-FKFWV4T44XIU67OQ79VO/EDITORIAL+LOOK+10.jpg]
[www.marrisawilsonny.com/fall-winter-2021-editorial.html]
[www.marrisawilsonny.com/_https_/www.instagram.com/reel/C2K5hjbu7vo/embed/___/iframe__.html]
[www.marrisawilsonny.com/_https_/www.instagram.com/reel/C2AgWIuuLLC/embed/___/iframe__.html]
[www.marrisawilsonny.com/_https_/www.instagram.com/reel/C15F8llu7-r/embed/___/iframe__.html]
[www.marrisawilsonny.com/_https_/www.instagram.com/reel/C1sb2eYulnY/embed/___/iframe__.html]
[www.marrisawilsonny.com/terms-of-use.1e4.delayed]
[www.marrisawilsonny.com/privacy-policy.html]
[images.squarespace-cdn.com/content/v1/569bffe6e0327c41cd9cd467/b87d0d7d-1ac5-4c5f-914a-df2b29c4b783/MW+Size+Chart.png]
[www.marrisawilsonny.com/size-chart.html]
[www.marrisawilsonny.com/shop-policy.html]
[www.marrisawilsonny.com/faq.html]
[www.marrisawilsonny.com/contact.html]
[www.marrisawilsonny.com/terms-of-use.html]
[static1.squarespace.com/static/569bffe6e0327c41cd9cd467/t/628d55cf5f97d41b08bad185/1653429711753/plugin-swatches.css_; filename_=UTF-8''plugin-swatches.css]
[static1.squarespace.com/static/569bffe6e0327c41cd9cd467/t/642ae67e86217959bf6958bd/1680533119034/plugin-lightbox.css_; filename_=UTF-8''plugin-lightbox.css]
[www.marrisawilsonny.com/a.html]
[www.marrisawilsonny.com/POST.html]
[www.marrisawilsonny.com/schema.org/index.html]
[www.marrisawilsonny.com/b.html]
[www.marrisawilsonny.com/signals/iwl.html]
[www.marrisawilsonny.com/shop817d.html]
[www.marrisawilsonny.com/shopf702.html]
[www.marrisawilsonny.com/shop0be0.html]
[images.squarespace-cdn.com/content/569bffe6e0327c41cd9cd467/1689028911686-4RD05Y8J57AJWM6J4PA2/MARRISA0A9A090343a3.jpg]
[storage.googleapis.com/squarepaste/base-jquery.js]
[www.marrisawilsonny.com/shop/_https_/www.instagram.com/reel/C2K5hjbu7vo/embed/___/iframe__.1fc.delayed]
[www.marrisawilsonny.com/shop/_https_/www.instagram.com/reel/C2AgWIuuLLC/embed/___/iframe__.1fd.delayed]
[www.marrisawilsonny.com/shop/_https_/www.instagram.com/reel/C15F8llu7-r/embed/___/iframe__.1fe.delayed]
[www.marrisawilsonny.com/shop/_https_/www.instagram.com/reel/C1sb2eYulnY/embed/___/iframe__.1ff.delayed]
[www.marrisawilsonny.com/shop/simone-printed-smocked-maxi-dress-orange-zig-zag.html]
[images.squarespace-cdn.com/content/569bffe6e0327c41cd9cd467/1689028737158-CN0D4LSHJAAQ0050CNWE/MARRISA0A9A070243a3.jpg]
[www.marrisawilsonny.com/shop/naya-printed-smocked-midi-dress-circle-dot.html]
[images.squarespace-cdn.com/content/569bffe6e0327c41cd9cd467/1683109161452-L7A3AX1HYK5BZK7WCX7S/MARRISA0A9A054043a3.jpg]
[www.marrisawilsonny.com/shop/angela-printed-short-sleeve-biketard-orange-zig-zag.html]
[images.squarespace-cdn.com/content/569bffe6e0327c41cd9cd467/1683109298460-MDU1NQP4QO3CPWCACB6I/MARRISA0A9A097243a3.jpg]
[www.marrisawilsonny.com/shop/tasha-linen-pocket-mini-dress-orange-zig-zag.html]
[images.squarespace-cdn.com/content/569bffe6e0327c41cd9cd467/1683110228408-FVSI61DI26YOXEINGZPR/MARRISA0A9A989743a3.jpg]
[www.marrisawilsonny.com/shop/printed-smocked-maxi-dress-sea-walls.html]
[images.squarespace-cdn.com/content/569bffe6e0327c41cd9cd467/1703084589802-WZ17JPT9RPA26N1TRO5J/MARRISA0A9A163643a3.jpg]
[www.marrisawilsonny.com/shop/tasha-jacquard-pocket-mini-dress-palm-tree.html]
[images.squarespace-cdn.com/content/569bffe6e0327c41cd9cd467/1689028440423-NC2ZPRIOHQVHY2S15LCK/MARRISA0A9A0643ee8a.jpg]
[www.marrisawilsonny.com/shop/ali-ruched-printed-midi-dress-teal-dot.html]
[images.squarespace-cdn.com/content/569bffe6e0327c41cd9cd467/1683109471914-SFXF9Y6TAXX2MQAM1IQ3/MARRISA0A9A181543a3.jpg]
[www.marrisawilsonny.com/shop/jada-printed-maxi-dress-palm-tree.html]
[assets.squarespace.com/universal/scripts-compressed/extract-css-runtime-ec7c4b7f0be93e2ee065-min.en-US.js]
[images.squarespace-cdn.com/content/569bffe6e0327c41cd9cd467/1703085078662-JVUOOM5YFO22OOV1RBDS/MARRISA0A9A996643a3.jpg]
[www.marrisawilsonny.com/shop/tia-plisse-split-maxi-dress-with-cut-out.html]
[images.squarespace-cdn.com/content/569bffe6e0327c41cd9cd467/1703085153990-YN8GFUILQ91CRBGGYQIE/MARRISA0A9A023843a3.jpg]
[www.marrisawilsonny.com/shop/printed-short-sleeve-biketard-teal-dot.html]
[images.squarespace-cdn.com/content/569bffe6e0327c41cd9cd467/1683113344700-ICZXGF2SCU72PZLDMRKA/MARRISA0A9A126843a3.jpg]
[www.marrisawilsonny.com/shop/layla-jacquard-utility-shirt.html]
[images.squarespace-cdn.com/content/569bffe6e0327c41cd9cd467/1689029082695-NN8DRTF4QEHQ92V7NWYN/MARRISA0A9A129443a3.jpg]
[www.marrisawilsonny.com/shop/raya-printed-maxi-trucker-jacket-green-palm.html]
[images.squarespace-cdn.com/content/569bffe6e0327c41cd9cd467/1689028553918-MA8FDBKDSN8WEAQYF190/MARRISA0A9A9635ee8a.jpg]
[www.marrisawilsonny.com/shop/val-printed-jersey-catsuit-pepperpot.html]
[images.squarespace-cdn.com/content/569bffe6e0327c41cd9cd467/1689029127029-8GSCX1HHRV5UYQLKXQ61/MARRISA0A9A128843a3.jpg]
[www.marrisawilsonny.com/shop/jessie-printed-tech-twill-5-pocket-pant-green-palm.html]
[images.squarespace-cdn.com/content/569bffe6e0327c41cd9cd467/1683110298123-IN5A2JYLQ69T8O88J8MS/MARRISA0A9A973043a3.jpg]
[www.marrisawilsonny.com/shop/gia-tuck-lace-sweater-dress.html]
[images.squarespace-cdn.com/content/569bffe6e0327c41cd9cd467/1703085221170-0L5F6LML2HDWH8EH0I1S/Tay+Front+View43a3.jpg]
[www.marrisawilsonny.com/shop/tay-plisse-ruched-mini-dress-black.html]
[images.squarespace-cdn.com/content/569bffe6e0327c41cd9cd467/1689028346315-4RVPRJZM7D94JV0YKHBR/MARRISA0A9A1017ee8a.jpg]
[www.marrisawilsonny.com/shop/tay-plisse-ruched-mini-dress-white.html]
[images.squarespace-cdn.com/content/569bffe6e0327c41cd9cd467/1689028314966-SWT53ASMJ2RRXICMOCOG/MARRISA0A9A147143a3.jpg]
[www.marrisawilsonny.com/shop/jordyn-plisse-ruched-midi-dress-black.html]
[images.squarespace-cdn.com/content/569bffe6e0327c41cd9cd467/1689028687530-6WMCJ2ITNR7G04DGMKOV/MARRISA0A9A1554ee8a.jpg]
[www.marrisawilsonny.com/shop/nika-printed-flare-pull-on-pant-teal-dot.html]
[images.squarespace-cdn.com/content/569bffe6e0327c41cd9cd467/1702645974325-RYC5N0AT88QLYQ8A50MH/MARRISA0A9A171843a3.jpg]
[www.marrisawilsonny.com/shop/leigh-printed-wide-leg-pant-orange-zig-zag.html]
[images.squarespace-cdn.com/content/569bffe6e0327c41cd9cd467/1631007373449-LSKLNJM01NR3LKGT18TZ/MWS22D3_Cool+Blue+Multi+Print_0143a3.jpg]
[static1.squarespace.com/static/569bffe6e0327c41cd9cd467/t/6293f1759ae601196024c6f7/1653862773545/Mary+Dress+size+chart.jpg]
[www.marrisawilsonny.com/shop/diana-color-block-zip-dress.html]
[images.squarespace-cdn.com/content/569bffe6e0327c41cd9cd467/1653308609572-X68GGIES4Q6CO252U7HW/MWS22T4_Cool+Blue_0143a3.jpg]
[static1.squarespace.com/static/569bffe6e0327c41cd9cd467/t/6293ece654e46d5eff197e9d/1653861606665/Eyelet+Top+Size+Chart.jpg]
[www.marrisawilsonny.com/shop/avis-eyelet-mock-neck-knit-top.html]
[images.squarespace-cdn.com/content/569bffe6e0327c41cd9cd467/1689169904415-QAVWMDY3EVR6TJUJ3MFT/MW21-30163743a3.jpg]
[static1.squarespace.com/static/569bffe6e0327c41cd9cd467/t/6293f0abfb47591c5906886b/1653862571096/split+dresses+Size+Chart.jpg]
[www.marrisawilsonny.com/shop/ella-two-tone-color-block-midi-dress.html]
[images.squarespace-cdn.com/content/569bffe6e0327c41cd9cd467/1654295328279-XIJ0I176KGFB31IMSZA4/MWS22D543a3.jpg]
[www.marrisawilsonny.com/shop/ella-two-tone-color-block-midi-dress-35hmj.html]
[www.marrisawilsonny.com/shop/billie-black-color-block-double-breasted-blazer.html]
[www.marrisawilsonny.com/shop/record-print-mock-neck-midi-dress.html]
[images.squarespace-cdn.com/content/569bffe6e0327c41cd9cd467/1631007288622-6IHNCOK0JMTOTBB857YR/MWS22P2_Black_Beige+Print_0143a3.jpg]
[static1.squarespace.com/static/569bffe6e0327c41cd9cd467/t/6293ecdf63d6307a372f82d7/1653861599937/Culottes+Size+Chart.jpg]
[www.marrisawilsonny.com/shop/sonia-color-block-cargo-culottes.html]
[www.marrisawilsonny.com/shop/aop-record-print-mock-neck-top.html]
[www.marrisawilsonny.com/shop/terri-sulphur-spring-color-block-mock-neck-top.html]
[www.marrisawilsonny.com/shop/terri-black-color-block-mock-neck-top.html]
[www.marrisawilsonny.com/shop/jessie-fabric-block-jeans.html]
[www.marrisawilsonny.com/shop/josephine-black-pleated-kick-flare-jumpsuit.html]
[www.marrisawilsonny.com/shop/marcy-black-sleeveless-pleated-crop-top.html]
[www.marrisawilsonny.com/shop/mimi-fabric-mix-a-line-pleated-skirt.html]
[www.marrisawilsonny.com/shop/bessie-beacon-blue-mock-neck-midi-dress.html]
[images.squarespace-cdn.com/content/569bffe6e0327c41cd9cd467/1704380822095-IYZ8R5K2AGBWWZ9931N5/MW+SS23+The+Duo2acd.png]
[www.marrisawilsonny.com/shop/the-duo-ss23-sketch-print.html]
[images.squarespace-cdn.com/content/569bffe6e0327c41cd9cd467/1704830236008-EIAMDG8TOF0BWW7NQK9Q/MW+SS23+Sunny2acd.png]
[www.marrisawilsonny.com/shop/sunny-ss23-sketch-print.html]
[images.squarespace-cdn.com/content/569bffe6e0327c41cd9cd467/1704380469383-HC3C5JGJPWVQDFSZAM46/MW+SS23+Caribbean+Heat2acd.png]
[www.marrisawilsonny.com/shop/caribbean-heat-ss23-sketch-print.html]
[images.squarespace-cdn.com/content/569bffe6e0327c41cd9cd467/1704381725261-Z5TEQTCE5F57AQQW99IN/MW+SS23+Teal+Dot2acd.png]
[www.marrisawilsonny.com/shop/teal-dot-ss23-sketch-print.html]
[images.squarespace-cdn.com/content/569bffe6e0327c41cd9cd467/1704381392194-J86DGJS46MAPOE83WMOY/MW+SS23+Green+Palm2acd.png]
[www.marrisawilsonny.com/shop/green-palm-ss23-sketch-print.html]
[images.squarespace-cdn.com/content/569bffe6e0327c41cd9cd467/1704382290141-74GBSN46KUPWLDKBL6RD/MW+SS23+Rainforest+Dreams2acd.png]
[www.marrisawilsonny.com/shop/rainforest-dreams-ss23-sketch-print.html]
[images.squarespace-cdn.com/content/569bffe6e0327c41cd9cd467/1704383356652-DLS0XMEV17QGYZ335AS6/MW+SS23+Sea+Walls2acd.png]
[www.marrisawilsonny.com/shop/sea-walls-ss23-sketch-print.html]
[images.squarespace-cdn.com/content/569bffe6e0327c41cd9cd467/1704383112331-VYF1BA2QKIXWJZANOUW9/MW+SS23+Cool+Girl+Joy2acd.png]
[www.marrisawilsonny.com/shop/cool-girl-joy-ss23-sketch-print.html]
[images.squarespace-cdn.com/content/569bffe6e0327c41cd9cd467/1704382529575-SW4PGVALF8JNW0ZDQ088/MW+SS23+Power+Suit2acd.png]
[www.marrisawilsonny.com/shop/sequin-night-ss23-sketch-print.html]
[images.squarespace-cdn.com/content/569bffe6e0327c41cd9cd467/1704382847720-1T6V60H1NQ3YQ45A3IVN/MW+SS23+The+Classic2acd.png]
[www.marrisawilsonny.com/shop/the-classic-ss23-sketch-print.html]
[images.squarespace-cdn.com/content/569bffe6e0327c41cd9cd467/1704392201789-2GMKW9A8TWDKGICZ56DY/MW+Custom+Sketch+2acd.png]
[www.marrisawilsonny.com/shop/custom-marrisa-wilson-sketch-print.html]
[images.squarespace-cdn.com/content/569bffe6e0327c41cd9cd467/1704392384513-1X9ZU883RU9F9KHJLFGQ/MW+Custom+Sketch+22acd.png]
[www.marrisawilsonny.com/shop/custom-marrisa-wilson-sketch-original.html]
[images.squarespace-cdn.com/content/569bffe6e0327c41cd9cd467/1658862781352-8IPB8ZTI88ATQU9F975D/MWS22D443a3.jpg]
[www.marrisawilsonny.com/shop/mary-knit-eyelet-dress-lf49s.html]
[images.squarespace-cdn.com/content/569bffe6e0327c41cd9cd467/1630973999545-1TNA86RNAXB7UYOX2NZH/MWS22O2_Sulphur+Spring_0143a3.jpg]
[static1.squarespace.com/static/569bffe6e0327c41cd9cd467/t/6293eef8d2e89b155a4ab03f/1653862136882/Trucker+Jacket+Size+Chart.jpg]
[www.marrisawilsonny.com/shop/melanie-color-block-twill-trucker-jacket.html]
[images.squarespace-cdn.com/content/569bffe6e0327c41cd9cd467/1654018870707-P881FIM1LPOI7IK8GBEV/20220527_Argenis_Apolinario_MWS224_0069_lowres43a3.jpg]
[www.marrisawilsonny.com/shop/aretha-oversized-color-block-shirt.2c5.delayed]
[static1.squarespace.com/static/569bffe6e0327c41cd9cd467/t/6293ea9a92b0b27d92f070fb/1653861018392/Biketard+Size+Chart.jpg]
[www.marrisawilsonny.com/shop/angela-color-block-biketard.html]
[images.squarespace-cdn.com/content/569bffe6e0327c41cd9cd467/1654295129353-N9G2JOCEF21AI6BAJECZ/MWS22T343a3.jpg]
[static1.squarespace.com/static/569bffe6e0327c41cd9cd467/t/6293ed7ddf8b3869fbe032a3/1653861757309/Oversized+Shirt+Size+Chart.jpg]
[www.marrisawilsonny.com/shop/aretha-oversized-color-block-shirt-hzfcl.html]
[images.squarespace-cdn.com/content/569bffe6e0327c41cd9cd467/1630974094962-JGC5Q8DVEXRVTX4ANLPU/MWS22SK1_Grenadine+Multi+Print_0143a3.jpg]
[static1.squarespace.com/static/569bffe6e0327c41cd9cd467/t/6293f5f8774c3a509009987a/1653863928925/skirt+size+chart.jpg]
[www.marrisawilsonny.com/shop/mimi-shiny-a-line-pleated-skirt-yal75.html]
[www.marrisawilsonny.com/shop/mary-knit-eyelet-dress.2d6.delayed]
[www.marrisawilsonny.com/shop/mwny-x-gigi-burris-tall-bucket-hat.html]
[www.marrisawilsonny.com/shop/mwny-x-gigi-burris-circle-visor.html]
[images.squarespace-cdn.com/content/569bffe6e0327c41cd9cd467/1654295245250-CKACIRKIHXHBHCTH3PRD/MWS22J143a3.jpg]
[www.marrisawilsonny.com/shop/moon-flatform-sandal.2dd.delayed]
[static1.squarespace.com/static/569bffe6e0327c41cd9cd467/t/6293eceab9c37d48fbb0f911/1653861610835/Jumpsuit+Size+Chart.jpg]
[www.marrisawilsonny.com/shop/etta-knit-flare-jumpsuit.html]
[www.marrisawilsonny.com/shop/zora-black-trucker-jacket.html]
[images.squarespace-cdn.com/content/569bffe6e0327c41cd9cd467/1654045996700-HZBG09LBKFR7GAT85Q7C/recolored+split+dressee8a.jpg]
[www.marrisawilsonny.com/shop/bessie-beacon-blue-mock-neck-midi-dress-black.html]
[images.squarespace-cdn.com/content/569bffe6e0327c41cd9cd467/1654046042398-AKSZKKCCJSO7BZAAWP9W/blazer+443a3.jpg]
[www.marrisawilsonny.com/shop/billie-black-color-block-double-breasted-blazer-mwsm3.html]
[images.squarespace-cdn.com/content/569bffe6e0327c41cd9cd467/1631006966099-8N2YG82HNEFKTV1VPWW8/MWS22D2_Black_0143a3.jpg]
[www.marrisawilsonny.com/shop/ella-color-block-midi-dress-black-white.html]
[www.marrisawilsonny.com/_https_/www.youtube.com/embed/DwF8y_fvjpk6b6f.html]
[www.marrisawilsonny.com/_https_/www.youtube.com/embed/DwF8y_fvjpk250f.html]
[www.marrisawilsonny.com/_https_/www.youtube.com/embed/Pyy4g3iSZ2E6b6f.html]
[www.marrisawilsonny.com/_https_/www.youtube.com/embed/Pyy4g3iSZ2E250f.html]
[www.marrisawilsonny.com/_/cdn.embedly.com/widgets/mediad9f0.html]
[www.marrisawilsonny.com/_https_/player.vimeo.com/video/599064133b37e.html]
[www.marrisawilsonny.com/_https_/player.vimeo.com/video/5990641336a1a.html]
[www.marrisawilsonny.com/_https_/player.vimeo.com/video/5207046734320.html]
[www.marrisawilsonny.com/_https_/player.vimeo.com/video/5207046734f9a.html]
[www.marrisawilsonny.com/_https_/player.vimeo.com/video/5121681604320.html]
[www.marrisawilsonny.com/_https_/player.vimeo.com/video/5121681604f9a.html]
[www.marrisawilsonny.com/terms-of-use-2.html]
[www.marrisawilsonny.com/universal/svg/social-accounts.svg]
[www.marrisawilsonny.com/shop/_https_/www.instagram.com/reel/C2K5hjbu7vo/embed/___/iframe__.html]
[www.marrisawilsonny.com/shop/_https_/www.instagram.com/reel/C2AgWIuuLLC/embed/___/iframe__.html]
[www.marrisawilsonny.com/shop/_https_/www.instagram.com/reel/C15F8llu7-r/embed/___/iframe__.html]
[www.marrisawilsonny.com/shop/_https_/www.instagram.com/reel/C1sb2eYulnY/embed/___/iframe__.html]
[static1.squarespace.com/static/569bffe6e0327c41cd9cd467/57c9f2f5414fb50bbd48cb4a/6032b74303637f0d8e0ce217/1654045973403/marrisa_wilson_ny_billie_black_color_block_double_breasted_blazer]
[static1.squarespace.com/static/569bffe6e0327c41cd9cd467/57c9f2f5414fb50bbd48cb4a/602628e54559a543a06cb681/1654045084969/marrisa_wilson_ny_aop_record_print_mock_neck_on_model_detail_view]
[static1.squarespace.com/static/569bffe6e0327c41cd9cd467/57c9f2f5414fb50bbd48cb4a/60262c0259c7ce3f87763be8/1654045058564/marrisa_wilson_ny_record_print_mock_neck_midi_dress_on_model.2662]
[static1.squarespace.com/static/569bffe6e0327c41cd9cd467/57c9f2f5414fb50bbd48cb4a/602627a611ccc800db7db1e7/1654046361467/marrisa_wilson_ny_terri_sulphur_spring_color_block_mock_neck_top_]
[static1.squarespace.com/static/569bffe6e0327c41cd9cd467/57c9f2f5414fb50bbd48cb4a/602623658d3977586ce487f5/1654046549241/marrisa_wilson_ny_terri_black_color_block_mock_neck_top_on_model]
[static1.squarespace.com/static/569bffe6e0327c41cd9cd467/57c9f2f5414fb50bbd48cb4a/6020834976128b0db2fcd9f5/1705953718797/marrisa_wilson_ny_jessie_black_fabric_block_jeans_on_model.27826f]
[static1.squarespace.com/static/569bffe6e0327c41cd9cd467/57c9f2f5414fb50bbd48cb4a/60262e368a883f1c68cf66d8/1654046024669/marrisa_wilson_ny_josephine_v_neck_pleated_kick_flare_jumpsuit_on]
[static1.squarespace.com/static/569bffe6e0327c41cd9cd467/57c9f2f5414fb50bbd48cb4a/6020417b1d56677838fb6e99/1705953718797/marrisa_wilson_ny_marcy_pleated_crop_top_detail_side_view.27e26f7]
[www.marrisawilsonny.com/shop/aretha-oversized-color-block-shirt.html]
[www.marrisawilsonny.com/shop/mary-knit-eyelet-dress.html]
[www.marrisawilsonny.com/shop/moon-flatform-sandal.html]
[static1.squarespace.com/static/569bffe6e0327c41cd9cd467/57c9f2f5414fb50bbd48cb4a/6032bb1a0b2772069e552898/1654046080832/marrisa_wilson_ny_mimi_black_fabric_mix_a_line_pleated_skirt_on_m]
[static1.squarespace.com/static/569bffe6e0327c41cd9cd467/57c9f2f5414fb50bbd48cb4a/60201bc7c655160d069a5d5d/1705953718797/marrisa_wilson_ny_zora_black_trucker_jacket_detail_side_view.2e02]
[static1.squarespace.com/static/569bffe6e0327c41cd9cd467/57c9f2f5414fb50bbd48cb4a/6029322e91dc830f089a8a03/1654045866163/marrisa_wilson_ny_bessie_beacon_blue_multi_color_block_mock_neck_]
